test
GSAPPS@DESKTOP-ORPIEMA MINGW64 /c/A-Level (master)
$ git init
Reinitialized existing Git repository in C:/A-Level/.git/

GSAPPS@DESKTOP-ORPIEMA MINGW64 /c/A-Level (master)
$ git status
On branch master

No commits yet

Untracked files:
  (use "git add <file>..." to include in what will be committed)

        aleveltest.txt

nothing added to commit but untracked files present (use "git add" to track)

GSAPPS@DESKTOP-ORPIEMA MINGW64 /c/A-Level (master)
$ git add aleveltest.txt

GSAPPS@DESKTOP-ORPIEMA MINGW64 /c/A-Level (master)
$ git diff

GSAPPS@DESKTOP-ORPIEMA MINGW64 /c/A-Level (master)
$ git diff --cashed
error: invalid option: --cashed

GSAPPS@DESKTOP-ORPIEMA MINGW64 /c/A-Level (master)
$ git diff --cached
diff --git a/aleveltest.txt b/aleveltest.txt
new file mode 100644
index 0000000..30d74d2
--- /dev/null
+++ b/aleveltest.txt
@@ -0,0 +1 @@
+test
\ No newline at end of file

GSAPPS@DESKTOP-ORPIEMA MINGW64 /c/A-Level (master)
$ git commit -m'comment'

*** Please tell me who you are.

Run

  git config --global user.email "you@example.com"
  git config --global user.name "Your Name"

to set your account's default identity.
Omit --global to set the identity only in this repository.

fatal: unable to auto-detect email address (got 'GSAPPS@DESKTOP-ORPIEMA.(none)')

GSAPPS@DESKTOP-ORPIEMA MINGW64 /c/A-Level (master)
$ git config --global user.email "you@example.com"

GSAPPS@DESKTOP-ORPIEMA MINGW64 /c/A-Level (master)
$ git config --global user.email "k.litvinov89@gmail.com"

GSAPPS@DESKTOP-ORPIEMA MINGW64 /c/A-Level (master)
$ ^C

GSAPPS@DESKTOP-ORPIEMA MINGW64 /c/A-Level (master)
$ git config --global user.name "Koss"

GSAPPS@DESKTOP-ORPIEMA MINGW64 /c/A-Level (master)
$ git commit -m'comment'
[master (root-commit) e54cca7] comment
 1 file changed, 1 insertion(+)
 create mode 100644 aleveltest.txt

GSAPPS@DESKTOP-ORPIEMA MINGW64 /c/A-Level (master)
$ git log
commit e54cca7450dba2643a7cc69049a76326966c5309 (HEAD -> master)
Author: Koss <k.litvinov89@gmail.com>
Date:   Tue Apr 23 19:56:45 2019 +0300

    comment

